// Jest Snapshot v1, https://goo.gl/fbAQLP

exports[`Renders <App/> without issues 1`] = `
<div
  className="App "
>
  <nav>
    <span
      id="titlemark"
    >
      GRAPHENE
    </span>
    <button
      className=" btn blue"
      disabled={false}
      onClick={[Function]}
    >
      Edit Group
    </button>
    <button
      className=" btn blue"
      disabled={true}
      onClick={[Function]}
    >
      Edit Graph
    </button>
    <span
      id="header"
    >
      <div
        className="btnGroup undefined"
      >
        <button
          className=" btn "
          onClick={[Function]}
        >
          Undo
        </button>
        <button
          className=" btn "
          onClick={[Function]}
        >
          Redo
        </button>
      </div>
      <button
        className=" btn blue"
      >
        Run
      </button>
        
      <button
        className=" btn "
        onClick={[Function]}
      >
        Auto Layout
      </button>
       
      <button
        className=" btn "
        onClick={[Function]}
      >
        Toggle Theme
      </button>
      <button
        className=" btn "
        onClick={[Function]}
      >
        FRF
      </button>
    </span>
  </nav>
  <div
    className="hiddenCtx"
    id="ctxMenu"
    style={
      Object {
        "top": "-10px",
      }
    }
  />
  <div
    className="majorElement no-border"
    id="zoomCtn"
  >
    <div
      className="btnGroup undefined"
    >
      <button
        className=" btn "
        disabled={false}
        onClick={[Function]}
      >
        -
      </button>
      <button
        className=" btn "
        disabled={true}
        onClick={[Function]}
        title="Reset zoom"
      >
        Zoom 
        100
        %
      </button>
      <button
        className=" btn "
        disabled={false}
        onClick={[Function]}
      >
        +
      </button>
    </div>
  </div>
  <div
    id="svgRootCont"
    onClick={[Function]}
    onContextMenu={[Function]}
    onMouseDown={[Function]}
    onMouseEnter={[Function]}
    onMouseLeave={[Function]}
    onMouseMove={[Function]}
    onMouseUp={[Function]}
    onWheel={[Function]}
  >
    <svg
      className="svgRoot"
      clientHeight={768}
      clientWidth={1024}
      height={768}
      onMouseDown={[Function]}
      onMouseLeave={[Function]}
      onMouseMove={[Function]}
      onMouseUp={[Function]}
      width={1024}
      x={0}
      xmlns="http://www.w3.org/2000/svg"
      y={0}
    >
      <defs>
        <pattern
          height="8"
          id="smallGrid"
          patternUnits="userSpaceOnUse"
          width="8"
        >
          <path
            d="M 8 0 L 0 0 0 8"
            fill="none"
            stroke="#384850"
            strokeWidth="0.5"
          />
        </pattern>
        <pattern
          height="80"
          id="grid"
          patternUnits="userSpaceOnUse"
          width="80"
        >
          <rect
            fill="url(#smallGrid)"
            height="80"
            width="80"
          />
          <path
            d="M 80 0 L 0 0 0 80"
            fill="none"
            stroke="#5b6d76"
            strokeWidth="1"
          />
        </pattern>
      </defs>
      <defs>
        <marker
          id="dot"
          markerHeight="5"
          markerWidth="5"
          refX="5"
          refY="5"
          viewBox="0 0 10 10"
        >
          <circle
            cx="5"
            cy="20"
            fill="red"
            r="20"
          />
        </marker>
      </defs>
      <rect
        fill="url(#grid)"
        height="10000%"
        id="bgRectSvg"
        width="1000%"
        x="-100%"
        y="-100%"
      />
    </svg>
  </div>
  <div
    id="taskbar"
  >
    <div
      className="taskbarElement"
      style={
        Object {
          "height": "200px",
          "transform": "translate3d(0px, 0px, 0)",
          "width": "350px",
        }
      }
    >
      <div
        aria-describedby="DndDescribedBy-0"
        aria-disabled={false}
        aria-roledescription="draggable"
        className="taskbarHeader"
        onKeyDown={[Function]}
        onPointerDown={[Function]}
        role="button"
        tabIndex={0}
        title="Drag Element"
      />
      <button
        className="minimiseButton"
        onClick={[Function]}
      >
        _
      </button>
      <div>
        <div
          id="availableNodes"
        >
          <h3>
            Add Node
          </h3>
          <div
            className="dnodes"
          >
            <button
              className="btnSmall btn "
              onClick={[Function]}
            >
              + det_reader
            </button>
            <button
              className="btnSmall btn "
              onClick={[Function]}
            >
              + fv_classify
            </button>
            <button
              className="btnSmall btn "
              onClick={[Function]}
            >
              + fv_cluster
            </button>
            <button
              className="btnSmall btn "
              onClick={[Function]}
            >
              + fv_sim
            </button>
            <button
              className="btnSmall btn "
              onClick={[Function]}
            >
              + join
            </button>
            <button
              className="btnSmall btn "
              onClick={[Function]}
            >
              + line_cross
            </button>
            <button
              className="btnSmall btn "
              onClick={[Function]}
            >
              + print
            </button>
            <button
              className="btnSmall btn "
              onClick={[Function]}
            >
              + SQL
            </button>
            <button
              className="btnSmall btn "
              onClick={[Function]}
            >
              + window
            </button>
          </div>
        </div>
      </div>
    </div>
    <div
      className="taskbarElement"
      style={
        Object {
          "right": "0px",
          "transform": "translate3d(0px, 0px, 0)",
          "width": "450px",
        }
      }
    >
      <div
        aria-describedby="DndDescribedBy-0"
        aria-disabled={false}
        aria-roledescription="draggable"
        className="taskbarHeader"
        onKeyDown={[Function]}
        onPointerDown={[Function]}
        role="button"
        tabIndex={0}
        title="Drag Element"
      />
      <button
        className="minimiseButton"
        onClick={[Function]}
      >
        _
      </button>
      <div>
        <h3>
          Select a node to view it's properties
        </h3>
        <div>
          <h3>
            Current Nodes
          </h3>
          <br />
        </div>
      </div>
    </div>
    <div
      className="taskbarElement"
      style={
        Object {
          "top": "420px",
          "transform": "translate3d(0px, 0px, 0)",
          "width": "300px",
        }
      }
    >
      <div
        aria-describedby="DndDescribedBy-0"
        aria-disabled={false}
        aria-roledescription="draggable"
        className="taskbarHeader"
        onKeyDown={[Function]}
        onPointerDown={[Function]}
        role="button"
        tabIndex={0}
        title="Drag Element"
      />
      <button
        className="minimiseButton"
        onClick={[Function]}
      >
        _
      </button>
      <div>
        <div
          className=""
        >
          <h3>
            Import & Export Graph
          </h3>
          <button
            className=" btn "
            onClick={[Function]}
          >
            Paste JSON / SVG code
          </button>
          <hr />
          <div
            className="btnGroup undefined"
          >
            <button
              className=" btn "
              onClick={[Function]}
            >
              Save JSON
            </button>
            <button
              className=" btn "
              onClick={[Function]}
            >
              Export SVG
            </button>
          </div>
          <br />
          <br />
          <label>
            <input
              checked={true}
              onChange={[Function]}
              type="checkbox"
            />
             Open in new window instead of downloading
          </label>
          <br />
          <br />
        </div>
      </div>
    </div>
    <div
      id="ddctx"
    />
    <div
      id="DndDescribedBy-0"
      style={
        Object {
          "display": "none",
        }
      }
    >
      
    To pick up a draggable item, press the space bar.
    While dragging, use the arrow keys to move the item.
    Press space again to drop the item in its new position, or press escape to cancel.
  
    </div>
    <div
      aria-atomic={true}
      aria-live="assertive"
      id="DndLiveRegion-0"
      role="status"
      style={
        Object {
          "border": 0,
          "clip": "rect(0 0 0 0)",
          "clipPath": "inset(100%)",
          "height": 1,
          "margin": -1,
          "overflow": "hidden",
          "padding": 0,
          "position": "fixed",
          "whiteSpace": "nowrap",
          "width": 1,
        }
      }
    />
  </div>
</div>
`;
