// Jest Snapshot v1, https://goo.gl/fbAQLP

exports[`Renders <Svg/> without issues 1`] = `
<div
  id="svgRootCont"
  onClick={[Function]}
  onContextMenu={[Function]}
  onMouseDown={[Function]}
  onMouseEnter={[Function]}
  onMouseLeave={[Function]}
  onMouseMove={[Function]}
  onMouseUp={[Function]}
  onWheel={[Function]}
>
  <svg
    className="svgRoot"
    clientHeight={768}
    clientWidth={1024}
    height={768}
    onMouseDown={[Function]}
    onMouseLeave={[Function]}
    onMouseMove={[Function]}
    onMouseUp={[Function]}
    width={1024}
    x={0}
    xmlns="http://www.w3.org/2000/svg"
    y={0}
  >
    <defs>
      <pattern
        height="8"
        id="smallGrid"
        patternUnits="userSpaceOnUse"
        width="8"
      >
        <path
          d="M 8 0 L 0 0 0 8"
          fill="none"
          stroke="#384850"
          strokeWidth="0.5"
        />
      </pattern>
      <pattern
        height="80"
        id="grid"
        patternUnits="userSpaceOnUse"
        width="80"
      >
        <rect
          fill="url(#smallGrid)"
          height="80"
          width="80"
        />
        <path
          d="M 80 0 L 0 0 0 80"
          fill="none"
          stroke="#5b6d76"
          strokeWidth="1"
        />
      </pattern>
    </defs>
    <defs>
      <marker
        id="dot"
        markerHeight="5"
        markerWidth="5"
        refX="5"
        refY="5"
        viewBox="0 0 10 10"
      >
        <circle
          cx="5"
          cy="20"
          fill="red"
          r="20"
        />
      </marker>
    </defs>
    <rect
      fill="url(#grid)"
      height="10000%"
      id="bgRectSvg"
      width="1000%"
      x="-100%"
      y="-100%"
    />
  </svg>
</div>
`;
